Analysis & Synthesis report for SyncCounter
Wed Jun 11 15:52:39 2025
Quartus II 64-Bit Version 13.1.0 Build 162 10/23/2013 SJ Web Edition


---------------------
; Table of Contents ;
---------------------
  1. Legal Notice
  2. Analysis & Synthesis Summary
  3. Analysis & Synthesis Settings
  4. Parallel Compilation
  5. Analysis & Synthesis Source Files Read
  6. Analysis & Synthesis Resource Usage Summary
  7. Analysis & Synthesis Resource Utilization by Entity
  8. Registers Removed During Synthesis
  9. Removed Registers Triggering Further Register Optimizations
 10. General Register Statistics
 11. Elapsed Time Per Partition
 12. Analysis & Synthesis Messages



----------------
; Legal Notice ;
----------------
Copyright (C) 1991-2013 Altera Corporation
Your use of Altera Corporation's design tools, logic functions 
and other software and tools, and its AMPP partner logic 
functions, and any output files from any of the foregoing 
(including device programming or simulation files), and any 
associated documentation or information are expressly subject 
to the terms and conditions of the Altera Program License 
Subscription Agreement, Altera MegaCore Function License 
Agreement, or other applicable license agreement, including, 
without limitation, that your use is for the sole purpose of 
programming logic devices manufactured by Altera and sold by 
Altera or its authorized distributors.  Please refer to the 
applicable agreement for further details.



+---------------------------------------------------------------------------------+
; Analysis & Synthesis Summary                                                    ;
+------------------------------------+--------------------------------------------+
; Analysis & Synthesis Status        ; Successful - Wed Jun 11 15:52:39 2025      ;
; Quartus II 64-Bit Version          ; 13.1.0 Build 162 10/23/2013 SJ Web Edition ;
; Revision Name                      ; SyncCounter                                ;
; Top-level Entity Name              ; CounterBCD                                 ;
; Family                             ; Cyclone III                                ;
; Total logic elements               ; 0                                          ;
;     Total combinational functions  ; 0                                          ;
;     Dedicated logic registers      ; 0                                          ;
; Total registers                    ; 0                                          ;
; Total pins                         ; 25                                         ;
; Total virtual pins                 ; 0                                          ;
; Total memory bits                  ; 0                                          ;
; Embedded Multiplier 9-bit elements ; 0                                          ;
; Total PLLs                         ; 0                                          ;
+------------------------------------+--------------------------------------------+


+----------------------------------------------------------------------------------------------------------------------+
; Analysis & Synthesis Settings                                                                                        ;
+----------------------------------------------------------------------------+--------------------+--------------------+
; Option                                                                     ; Setting            ; Default Value      ;
+----------------------------------------------------------------------------+--------------------+--------------------+
; Top-level entity name                                                      ; CounterBCD         ; SyncCounter        ;
; Family name                                                                ; Cyclone III        ; Cyclone IV GX      ;
; Use smart compilation                                                      ; Off                ; Off                ;
; Enable parallel Assembler and TimeQuest Timing Analyzer during compilation ; On                 ; On                 ;
; Enable compact report table                                                ; Off                ; Off                ;
; Restructure Multiplexers                                                   ; Auto               ; Auto               ;
; Create Debugging Nodes for IP Cores                                        ; Off                ; Off                ;
; Preserve fewer node names                                                  ; On                 ; On                 ;
; Disable OpenCore Plus hardware evaluation                                  ; Off                ; Off                ;
; Verilog Version                                                            ; Verilog_2001       ; Verilog_2001       ;
; VHDL Version                                                               ; VHDL_1993          ; VHDL_1993          ;
; State Machine Processing                                                   ; Auto               ; Auto               ;
; Safe State Machine                                                         ; Off                ; Off                ;
; Extract Verilog State Machines                                             ; On                 ; On                 ;
; Extract VHDL State Machines                                                ; On                 ; On                 ;
; Ignore Verilog initial constructs                                          ; Off                ; Off                ;
; Iteration limit for constant Verilog loops                                 ; 5000               ; 5000               ;
; Iteration limit for non-constant Verilog loops                             ; 250                ; 250                ;
; Add Pass-Through Logic to Inferred RAMs                                    ; On                 ; On                 ;
; Infer RAMs from Raw Logic                                                  ; On                 ; On                 ;
; Parallel Synthesis                                                         ; On                 ; On                 ;
; DSP Block Balancing                                                        ; Auto               ; Auto               ;
; NOT Gate Push-Back                                                         ; On                 ; On                 ;
; Power-Up Don't Care                                                        ; On                 ; On                 ;
; Remove Redundant Logic Cells                                               ; Off                ; Off                ;
; Remove Duplicate Registers                                                 ; On                 ; On                 ;
; Ignore CARRY Buffers                                                       ; Off                ; Off                ;
; Ignore CASCADE Buffers                                                     ; Off                ; Off                ;
; Ignore GLOBAL Buffers                                                      ; Off                ; Off                ;
; Ignore ROW GLOBAL Buffers                                                  ; Off                ; Off                ;
; Ignore LCELL Buffers                                                       ; Off                ; Off                ;
; Ignore SOFT Buffers                                                        ; On                 ; On                 ;
; Limit AHDL Integers to 32 Bits                                             ; Off                ; Off                ;
; Optimization Technique                                                     ; Balanced           ; Balanced           ;
; Carry Chain Length                                                         ; 70                 ; 70                 ;
; Auto Carry Chains                                                          ; On                 ; On                 ;
; Auto Open-Drain Pins                                                       ; On                 ; On                 ;
; Perform WYSIWYG Primitive Resynthesis                                      ; Off                ; Off                ;
; Auto ROM Replacement                                                       ; On                 ; On                 ;
; Auto RAM Replacement                                                       ; On                 ; On                 ;
; Auto DSP Block Replacement                                                 ; On                 ; On                 ;
; Auto Shift Register Replacement                                            ; Auto               ; Auto               ;
; Allow Shift Register Merging across Hierarchies                            ; Auto               ; Auto               ;
; Auto Clock Enable Replacement                                              ; On                 ; On                 ;
; Strict RAM Replacement                                                     ; Off                ; Off                ;
; Allow Synchronous Control Signals                                          ; On                 ; On                 ;
; Force Use of Synchronous Clear Signals                                     ; Off                ; Off                ;
; Auto RAM Block Balancing                                                   ; On                 ; On                 ;
; Auto RAM to Logic Cell Conversion                                          ; Off                ; Off                ;
; Auto Resource Sharing                                                      ; Off                ; Off                ;
; Allow Any RAM Size For Recognition                                         ; Off                ; Off                ;
; Allow Any ROM Size For Recognition                                         ; Off                ; Off                ;
; Allow Any Shift Register Size For Recognition                              ; Off                ; Off                ;
; Use LogicLock Constraints during Resource Balancing                        ; On                 ; On                 ;
; Ignore translate_off and synthesis_off directives                          ; Off                ; Off                ;
; Timing-Driven Synthesis                                                    ; On                 ; On                 ;
; Report Parameter Settings                                                  ; On                 ; On                 ;
; Report Source Assignments                                                  ; On                 ; On                 ;
; Report Connectivity Checks                                                 ; On                 ; On                 ;
; Ignore Maximum Fan-Out Assignments                                         ; Off                ; Off                ;
; Synchronization Register Chain Length                                      ; 2                  ; 2                  ;
; PowerPlay Power Optimization                                               ; Normal compilation ; Normal compilation ;
; HDL message level                                                          ; Level2             ; Level2             ;
; Suppress Register Optimization Related Messages                            ; Off                ; Off                ;
; Number of Removed Registers Reported in Synthesis Report                   ; 5000               ; 5000               ;
; Number of Swept Nodes Reported in Synthesis Report                         ; 5000               ; 5000               ;
; Number of Inverted Registers Reported in Synthesis Report                  ; 100                ; 100                ;
; Clock MUX Protection                                                       ; On                 ; On                 ;
; Auto Gated Clock Conversion                                                ; Off                ; Off                ;
; Block Design Naming                                                        ; Auto               ; Auto               ;
; SDC constraint protection                                                  ; Off                ; Off                ;
; Synthesis Effort                                                           ; Auto               ; Auto               ;
; Shift Register Replacement - Allow Asynchronous Clear Signal               ; On                 ; On                 ;
; Pre-Mapping Resynthesis Optimization                                       ; Off                ; Off                ;
; Analysis & Synthesis Message Level                                         ; Medium             ; Medium             ;
; Disable Register Merging Across Hierarchies                                ; Auto               ; Auto               ;
; Resource Aware Inference For Block RAM                                     ; On                 ; On                 ;
; Synthesis Seed                                                             ; 1                  ; 1                  ;
+----------------------------------------------------------------------------+--------------------+--------------------+


Parallel compilation was disabled, but you have multiple processors available. Enable parallel compilation to reduce compilation time.
+-------------------------------------+
; Parallel Compilation                ;
+----------------------------+--------+
; Processors                 ; Number ;
+----------------------------+--------+
; Number detected on machine ; 12     ;
; Maximum allowed            ; 1      ;
+----------------------------+--------+


+--------------------------------------------------------------------------------------------------------------------------------------------------+
; Analysis & Synthesis Source Files Read                                                                                                           ;
+----------------------------------+-----------------+------------------------------------+----------------------------------------------+---------+
; File Name with User-Entered Path ; Used in Netlist ; File Type                          ; File Name with Absolute Path                 ; Library ;
+----------------------------------+-----------------+------------------------------------+----------------------------------------------+---------+
; Segmento_D.bdf                   ; yes             ; User Block Diagram/Schematic File  ; C:/altera/LAB08/SyncCounter/Segmento_D.bdf   ;         ;
; segmentof.bdf                    ; yes             ; User Block Diagram/Schematic File  ; C:/altera/LAB08/SyncCounter/segmentof.bdf    ;         ;
; SegmentoA.bdf                    ; yes             ; User Block Diagram/Schematic File  ; C:/altera/LAB08/SyncCounter/SegmentoA.bdf    ;         ;
; letraG.bdf                       ; yes             ; User Block Diagram/Schematic File  ; C:/altera/LAB08/SyncCounter/letraG.bdf       ;         ;
; E_dupla5.bdf                     ; yes             ; User Block Diagram/Schematic File  ; C:/altera/LAB08/SyncCounter/E_dupla5.bdf     ;         ;
; Diplay_C.bdf                     ; yes             ; User Block Diagram/Schematic File  ; C:/altera/LAB08/SyncCounter/Diplay_C.bdf     ;         ;
; BCD.bdf                          ; yes             ; User Block Diagram/Schematic File  ; C:/altera/LAB08/SyncCounter/BCD.bdf          ;         ;
; B.bdf                            ; yes             ; User Block Diagram/Schematic File  ; C:/altera/LAB08/SyncCounter/B.bdf            ;         ;
; MUX4_1.bdf                       ; yes             ; User Block Diagram/Schematic File  ; C:/altera/LAB08/SyncCounter/MUX4_1.bdf       ;         ;
; SyncCounter8.bdf                 ; yes             ; User Block Diagram/Schematic File  ; C:/altera/LAB08/SyncCounter/SyncCounter8.bdf ;         ;
; CounterBCD.bdf                   ; yes             ; User Block Diagram/Schematic File  ; C:/altera/LAB08/SyncCounter/CounterBCD.bdf   ;         ;
+----------------------------------+-----------------+------------------------------------+----------------------------------------------+---------+


+------------------------------------------------------------------+
; Analysis & Synthesis Resource Usage Summary                      ;
+---------------------------------------------+--------------------+
; Resource                                    ; Usage              ;
+---------------------------------------------+--------------------+
;                                             ;                    ;
; Total combinational functions               ; 0                  ;
; Logic element usage by number of LUT inputs ;                    ;
;     -- 4 input functions                    ; 0                  ;
;     -- 3 input functions                    ; 0                  ;
;     -- <=2 input functions                  ; 0                  ;
;                                             ;                    ;
; Logic elements by mode                      ;                    ;
;     -- normal mode                          ; 0                  ;
;     -- arithmetic mode                      ; 0                  ;
;                                             ;                    ;
; Total registers                             ; 0                  ;
;     -- Dedicated logic registers            ; 0                  ;
;     -- I/O registers                        ; 0                  ;
;                                             ;                    ;
; I/O pins                                    ; 25                 ;
; Embedded Multiplier 9-bit elements          ; 0                  ;
; Maximum fan-out node                        ; Display1[6]~output ;
; Maximum fan-out                             ; 1                  ;
; Total fan-out                               ; 25                 ;
; Average fan-out                             ; 0.50               ;
+---------------------------------------------+--------------------+


+-----------------------------------------------------------------------------------------------------------------------------------------------------------------------------+
; Analysis & Synthesis Resource Utilization by Entity                                                                                                                         ;
+----------------------------+-------------------+--------------+-------------+--------------+---------+-----------+------+--------------+---------------------+--------------+
; Compilation Hierarchy Node ; LC Combinationals ; LC Registers ; Memory Bits ; DSP Elements ; DSP 9x9 ; DSP 18x18 ; Pins ; Virtual Pins ; Full Hierarchy Name ; Library Name ;
+----------------------------+-------------------+--------------+-------------+--------------+---------+-----------+------+--------------+---------------------+--------------+
; |CounterBCD                ; 0 (0)             ; 0 (0)        ; 0           ; 0            ; 0       ; 0         ; 25   ; 0            ; |CounterBCD         ; work         ;
+----------------------------+-------------------+--------------+-------------+--------------+---------+-----------+------+--------------+---------------------+--------------+
Note: For table entries with two numbers listed, the numbers in parentheses indicate the number of resources of the given type used by the specific entity alone. The numbers listed outside of parentheses indicate the total resources of the given type used by the specific entity and all of its sub-entities in the hierarchy.


+------------------------------------------------------------------------------+
; Registers Removed During Synthesis                                           ;
+---------------------------------------+--------------------------------------+
; Register name                         ; Reason for Removal                   ;
+---------------------------------------+--------------------------------------+
; SyncCounter8:inst|inst                ; Stuck at GND due to stuck port clock ;
; SyncCounter8:inst|inst1               ; Stuck at GND due to stuck port clock ;
; SyncCounter8:inst|inst2               ; Stuck at GND due to stuck port clock ;
; SyncCounter8:inst|inst5               ; Stuck at GND due to stuck port clock ;
; SyncCounter8:inst|inst21              ; Stuck at GND due to stuck port clock ;
; SyncCounter8:inst|inst27              ; Stuck at GND due to stuck port clock ;
; SyncCounter8:inst|inst33              ; Stuck at GND due to stuck port clock ;
; SyncCounter8:inst|inst39              ; Stuck at GND due to stuck port clock ;
; Total Number of Removed Registers = 8 ;                                      ;
+---------------------------------------+--------------------------------------+


+----------------------------------------------------------------------------------------------------------------------------------+
; Removed Registers Triggering Further Register Optimizations                                                                      ;
+------------------------+-------------------------+-------------------------------------------------------------------------------+
; Register name          ; Reason for Removal      ; Registers Removed due to This Register                                        ;
+------------------------+-------------------------+-------------------------------------------------------------------------------+
; SyncCounter8:inst|inst ; Stuck at GND            ; SyncCounter8:inst|inst1, SyncCounter8:inst|inst2, SyncCounter8:inst|inst5,    ;
;                        ; due to stuck port clock ; SyncCounter8:inst|inst21, SyncCounter8:inst|inst27, SyncCounter8:inst|inst33, ;
;                        ;                         ; SyncCounter8:inst|inst39                                                      ;
+------------------------+-------------------------+-------------------------------------------------------------------------------+


+------------------------------------------------------+
; General Register Statistics                          ;
+----------------------------------------------+-------+
; Statistic                                    ; Value ;
+----------------------------------------------+-------+
; Total registers                              ; 0     ;
; Number of registers using Synchronous Clear  ; 0     ;
; Number of registers using Synchronous Load   ; 0     ;
; Number of registers using Asynchronous Clear ; 0     ;
; Number of registers using Asynchronous Load  ; 0     ;
; Number of registers using Clock Enable       ; 0     ;
; Number of registers using Preset             ; 0     ;
+----------------------------------------------+-------+


+-------------------------------+
; Elapsed Time Per Partition    ;
+----------------+--------------+
; Partition Name ; Elapsed Time ;
+----------------+--------------+
; Top            ; 00:00:00     ;
+----------------+--------------+


+-------------------------------+
; Analysis & Synthesis Messages ;
+-------------------------------+
Info: *******************************************************************
Info: Running Quartus II 64-Bit Analysis & Synthesis
    Info: Version 13.1.0 Build 162 10/23/2013 SJ Web Edition
    Info: Processing started: Wed Jun 11 15:52:38 2025
Info: Command: quartus_map --read_settings_files=on --write_settings_files=off SyncCounter -c SyncCounter
Warning (20028): Parallel compilation is not licensed and has been disabled
Info (12021): Found 1 design units, including 1 entities, in source file segmento_d.bdf
    Info (12023): Found entity 1: Segmento_D
Info (12021): Found 1 design units, including 1 entities, in source file segmentof.bdf
    Info (12023): Found entity 1: segmentof
Info (12021): Found 1 design units, including 1 entities, in source file segmentoa.bdf
    Info (12023): Found entity 1: SegmentoA
Info (12021): Found 1 design units, including 1 entities, in source file letrag.bdf
    Info (12023): Found entity 1: letraG
Info (12021): Found 1 design units, including 1 entities, in source file e_dupla5.bdf
    Info (12023): Found entity 1: E_dupla5
Info (12021): Found 1 design units, including 1 entities, in source file diplay_c.bdf
    Info (12023): Found entity 1: Diplay_C
Info (12021): Found 1 design units, including 1 entities, in source file bcde.bdf
    Info (12023): Found entity 1: BCDe
Info (12021): Found 1 design units, including 1 entities, in source file bcd.bdf
    Info (12023): Found entity 1: BCD
Info (12021): Found 1 design units, including 1 entities, in source file b.bdf
    Info (12023): Found entity 1: B
Info (12021): Found 1 design units, including 1 entities, in source file mux2_1.bdf
    Info (12023): Found entity 1: MUX2_1
Info (12021): Found 1 design units, including 1 entities, in source file mux4_1.bdf
    Info (12023): Found entity 1: MUX4_1
Info (12021): Found 1 design units, including 1 entities, in source file synccounter8.bdf
    Info (12023): Found entity 1: SyncCounter8
Info (12021): Found 1 design units, including 1 entities, in source file counterbcd.bdf
    Info (12023): Found entity 1: CounterBCD
Info (12127): Elaborating entity "CounterBCD" for the top level hierarchy
Warning (275013): Port "Clk" of type SyncCounter8 and instance "inst" is missing source signal
Warning (275009): Pin "Reset" not connected
Info (12128): Elaborating entity "BCD" for hierarchy "BCD:inst2"
Info (12128): Elaborating entity "SegmentoA" for hierarchy "BCD:inst2|SegmentoA:inst"
Info (12128): Elaborating entity "B" for hierarchy "BCD:inst2|B:inst1"
Info (12128): Elaborating entity "Diplay_C" for hierarchy "BCD:inst2|Diplay_C:inst2"
Info (12128): Elaborating entity "Segmento_D" for hierarchy "BCD:inst2|Segmento_D:inst3"
Info (12128): Elaborating entity "E_dupla5" for hierarchy "BCD:inst2|E_dupla5:inst4"
Info (12128): Elaborating entity "segmentof" for hierarchy "BCD:inst2|segmentof:inst5"
Info (12128): Elaborating entity "letraG" for hierarchy "BCD:inst2|letraG:inst6"
Info (12128): Elaborating entity "SyncCounter8" for hierarchy "SyncCounter8:inst"
Info (12128): Elaborating entity "MUX4_1" for hierarchy "SyncCounter8:inst|MUX4_1:inst4"
Warning (13024): Output pins are stuck at VCC or GND
    Warning (13410): Pin "Display1[6]" is stuck at VCC
    Warning (13410): Pin "Display1[5]" is stuck at GND
    Warning (13410): Pin "Display1[4]" is stuck at GND
    Warning (13410): Pin "Display1[3]" is stuck at GND
    Warning (13410): Pin "Display1[2]" is stuck at GND
    Warning (13410): Pin "Display1[1]" is stuck at GND
    Warning (13410): Pin "Display1[0]" is stuck at GND
    Warning (13410): Pin "Display2[6]" is stuck at VCC
    Warning (13410): Pin "Display2[5]" is stuck at GND
    Warning (13410): Pin "Display2[4]" is stuck at GND
    Warning (13410): Pin "Display2[3]" is stuck at GND
    Warning (13410): Pin "Display2[2]" is stuck at GND
    Warning (13410): Pin "Display2[1]" is stuck at GND
    Warning (13410): Pin "Display2[0]" is stuck at GND
Info (16010): Generating hard_block partition "hard_block:auto_generated_inst"
    Info (16011): Adding 0 node(s), including 0 DDIO, 0 PLL, 0 transceiver and 0 LCELL
Warning (21074): Design contains 11 input pin(s) that do not drive logic
    Warning (15610): No output dependent on input pin "D[7]"
    Warning (15610): No output dependent on input pin "D[6]"
    Warning (15610): No output dependent on input pin "D[5]"
    Warning (15610): No output dependent on input pin "D[4]"
    Warning (15610): No output dependent on input pin "D[3]"
    Warning (15610): No output dependent on input pin "D[2]"
    Warning (15610): No output dependent on input pin "D[1]"
    Warning (15610): No output dependent on input pin "D[0]"
    Warning (15610): No output dependent on input pin "Sel[1]"
    Warning (15610): No output dependent on input pin "Sel[0]"
    Warning (15610): No output dependent on input pin "Reset"
Info (21057): Implemented 25 device resources after synthesis - the final resource count might be different
    Info (21058): Implemented 11 input pins
    Info (21059): Implemented 14 output pins
Info: Quartus II 64-Bit Analysis & Synthesis was successful. 0 errors, 30 warnings
    Info: Peak virtual memory: 4627 megabytes
    Info: Processing ended: Wed Jun 11 15:52:39 2025
    Info: Elapsed time: 00:00:01
    Info: Total CPU time (on all processors): 00:00:01


